// Jest Snapshot v1, https://goo.gl/fbAQLP

exports[`<TableWrapper /> renders without crashing: with data 1`] = `
<div>
  <div
    class="chakra-table__container css-zipzvv"
  >
    <table
      class="chakra-table css-0"
      role="table"
    >
      <thead
        class="css-0"
      >
        <tr
          class="css-0"
          role="row"
        >
          <th
            class="css-4g6ai3"
            data-is-numeric="false"
          >
            <div
              class="css-k634du"
            >
              Username
              <div
                class="css-17xejub"
              />
              <div
                class="chakra-stack css-18xsive"
              >
                <svg
                  class="chakra-icon css-onkibi"
                  focusable="false"
                  viewBox="0 0 24 24"
                >
                  <path
                    d="M12 8l-6 6 1.41 1.41L12 10.83l4.59 4.58L18 14z"
                    fill="currentColor"
                  />
                </svg>
                <svg
                  class="chakra-icon css-gtaqdh"
                  focusable="false"
                  viewBox="0 0 24 24"
                >
                  <path
                    d="M16.59 8.59L12 13.17 7.41 8.59 6 10l6 6 6-6z"
                    fill="currentColor"
                  />
                </svg>
              </div>
            </div>
          </th>
        </tr>
      </thead>
      <tbody
        class="css-0"
      >
        <tr
          class="css-0"
          role="row"
        >
          <td
            class="css-0"
            data-is-numeric="false"
            role="gridcell"
          >
            Kadek Pradnyana
          </td>
        </tr>
      </tbody>
    </table>
  </div>
</div>
`;
