// Jest Snapshot v1, https://goo.gl/fbAQLP

exports[`<PageButton /> renders without crashing 1`] = `
<div>
  <button
    class="chakra-button css-4xx2wk"
    type="button"
  >
    10
  </button>
</div>
`;
