// Jest Snapshot v1, https://goo.gl/fbAQLP

exports[`<SearchAndFilter /> renders without crashing 1`] = `
<div>
  <div
    class="css-147dy5z"
  >
    <div>
      <p
        class="chakra-text css-g5hezf"
      >
        Search
      </p>
      <div
        class="chakra-input__group css-4302v8"
      >
        <input
          class="chakra-input css-tsqr3a"
          data-testid="search-input"
          placeholder="Search Keywords"
          value=""
        />
        <div
          class="chakra-input__right-addon css-nxc9bd"
        >
          <svg
            class="chakra-icon css-onkibi"
            focusable="false"
            viewBox="0 0 24 24"
          >
            <path
              d="M23.384,21.619,16.855,15.09a9.284,9.284,0,1,0-1.768,1.768l6.529,6.529a1.266,1.266,0,0,0,1.768,0A1.251,1.251,0,0,0,23.384,21.619ZM2.75,9.5a6.75,6.75,0,1,1,6.75,6.75A6.758,6.758,0,0,1,2.75,9.5Z"
              fill="currentColor"
            />
          </svg>
        </div>
      </div>
    </div>
    <div>
      <p
        class="chakra-text css-g5hezf"
      >
        Gender
      </p>
      <div
        class="chakra-select__wrapper css-42b2qy"
      >
        <select
          class="chakra-select css-1ik61og"
          data-testid="gender-filter"
        >
          <option
            value=""
          >
            Select Gender
          </option>
          <option
            data-testid="gender-filter-all"
            selected=""
            value="all"
          >
            All
          </option>
          <option
            data-testid="gender-filter-male"
            value="male"
          >
            Male
          </option>
          <option
            data-testid="gender-filter-female"
            value="female"
          >
            Female
          </option>
        </select>
        <div
          class="chakra-select__icon-wrapper css-162mkon"
        >
          <svg
            aria-hidden="true"
            class="chakra-select__icon"
            focusable="false"
            role="presentation"
            style="width: 1em; height: 1em; color: currentColor;"
            viewBox="0 0 24 24"
          >
            <path
              d="M16.59 8.59L12 13.17 7.41 8.59 6 10l6 6 6-6z"
              fill="currentColor"
            />
          </svg>
        </div>
      </div>
    </div>
  </div>
</div>
`;
